------------------------------------------------------------
Timing Analyzer Summary
------------------------------------------------------------

Type  : Slow 1100mV 85C Model Setup 'clk'
Slack : -0.482
TNS   : -0.923

Type  : Slow 1100mV 85C Model Hold 'clk'
Slack : 0.464
TNS   : 0.000

Type  : Slow 1100mV 85C Model Minimum Pulse Width 'clk'
Slack : -0.394
TNS   : -2.091

Type  : Slow 1100mV 0C Model Setup 'clk'
Slack : -0.454
TNS   : -0.897

Type  : Slow 1100mV 0C Model Hold 'clk'
Slack : 0.423
TNS   : 0.000

Type  : Slow 1100mV 0C Model Minimum Pulse Width 'clk'
Slack : -0.394
TNS   : -2.262

Type  : Fast 1100mV 85C Model Setup 'clk'
Slack : 0.115
TNS   : 0.000

Type  : Fast 1100mV 85C Model Hold 'clk'
Slack : 0.278
TNS   : 0.000

Type  : Fast 1100mV 85C Model Minimum Pulse Width 'clk'
Slack : -0.078
TNS   : -0.308

Type  : Fast 1100mV 0C Model Setup 'clk'
Slack : 0.174
TNS   : 0.000

Type  : Fast 1100mV 0C Model Hold 'clk'
Slack : 0.250
TNS   : 0.000

Type  : Fast 1100mV 0C Model Minimum Pulse Width 'clk'
Slack : -0.079
TNS   : -0.314

------------------------------------------------------------
