------------------------------------------------------------
Timing Analyzer Summary
------------------------------------------------------------

Type  : Slow 1100mV 85C Model Setup 'clk'
Slack : -2.327
TNS   : -11.321

Type  : Slow 1100mV 85C Model Hold 'clk'
Slack : 0.752
TNS   : 0.000

Type  : Slow 1100mV 85C Model Minimum Pulse Width 'clk'
Slack : 0.324
TNS   : 0.000

Type  : Slow 1100mV 0C Model Setup 'clk'
Slack : -2.311
TNS   : -11.417

Type  : Slow 1100mV 0C Model Hold 'clk'
Slack : 0.722
TNS   : 0.000

Type  : Slow 1100mV 0C Model Minimum Pulse Width 'clk'
Slack : 0.308
TNS   : 0.000

Type  : Fast 1100mV 85C Model Setup 'clk'
Slack : -1.148
TNS   : -5.283

Type  : Fast 1100mV 85C Model Hold 'clk'
Slack : 0.555
TNS   : 0.000

Type  : Fast 1100mV 85C Model Minimum Pulse Width 'clk'
Slack : 0.064
TNS   : 0.000

Type  : Fast 1100mV 0C Model Setup 'clk'
Slack : -1.079
TNS   : -4.730

Type  : Fast 1100mV 0C Model Hold 'clk'
Slack : 0.499
TNS   : 0.000

Type  : Fast 1100mV 0C Model Minimum Pulse Width 'clk'
Slack : 0.049
TNS   : 0.000

------------------------------------------------------------
