------------------------------------------------------------
Timing Analyzer Summary
------------------------------------------------------------

Type  : Slow 1100mV 85C Model Setup 'clk'
Slack : -0.246
TNS   : -0.702

Type  : Slow 1100mV 85C Model Hold 'clk'
Slack : 0.305
TNS   : 0.000

Type  : Slow 1100mV 85C Model Minimum Pulse Width 'clk'
Slack : -0.394
TNS   : -2.094

Type  : Slow 1100mV 0C Model Setup 'clk'
Slack : -0.294
TNS   : -0.876

Type  : Slow 1100mV 0C Model Hold 'clk'
Slack : 0.282
TNS   : 0.000

Type  : Slow 1100mV 0C Model Minimum Pulse Width 'clk'
Slack : -0.394
TNS   : -2.269

Type  : Fast 1100mV 85C Model Setup 'clk'
Slack : 0.295
TNS   : 0.000

Type  : Fast 1100mV 85C Model Hold 'clk'
Slack : 0.170
TNS   : 0.000

Type  : Fast 1100mV 85C Model Minimum Pulse Width 'clk'
Slack : -0.078
TNS   : -0.310

Type  : Fast 1100mV 0C Model Setup 'clk'
Slack : 0.315
TNS   : 0.000

Type  : Fast 1100mV 0C Model Hold 'clk'
Slack : 0.154
TNS   : 0.000

Type  : Fast 1100mV 0C Model Minimum Pulse Width 'clk'
Slack : -0.078
TNS   : -0.308

------------------------------------------------------------
