------------------------------------------------------------
Timing Analyzer Summary
------------------------------------------------------------

Type  : Slow 1100mV 85C Model Setup 'clk'
Slack : 3.151
TNS   : 0.000

Type  : Slow 1100mV 85C Model Hold 'clk'
Slack : 0.326
TNS   : 0.000

Type  : Slow 1100mV 85C Model Minimum Pulse Width 'clk'
Slack : 4.395
TNS   : 0.000

Type  : Slow 1100mV 0C Model Setup 'clk'
Slack : 3.261
TNS   : 0.000

Type  : Slow 1100mV 0C Model Hold 'clk'
Slack : 0.309
TNS   : 0.000

Type  : Slow 1100mV 0C Model Minimum Pulse Width 'clk'
Slack : 4.322
TNS   : 0.000

Type  : Fast 1100mV 85C Model Setup 'clk'
Slack : 5.996
TNS   : 0.000

Type  : Fast 1100mV 85C Model Hold 'clk'
Slack : 0.185
TNS   : 0.000

Type  : Fast 1100mV 85C Model Minimum Pulse Width 'clk'
Slack : 4.419
TNS   : 0.000

Type  : Fast 1100mV 0C Model Setup 'clk'
Slack : 6.401
TNS   : 0.000

Type  : Fast 1100mV 0C Model Hold 'clk'
Slack : 0.170
TNS   : 0.000

Type  : Fast 1100mV 0C Model Minimum Pulse Width 'clk'
Slack : 4.417
TNS   : 0.000

------------------------------------------------------------
